============================= test session starts =============================
platform win32 -- Python 3.12.10, pytest-8.4.2, pluggy-1.6.0 -- D:\Ayub_backup\projects\red_team_agent\.venv\Scripts\python.exe
cachedir: .pytest_cache
rootdir: D:\Ayub_backup\projects\red_team_agent
configfile: pyproject.toml
plugins: anyio-4.13.0, langsmith-0.7.25, asyncio-0.24.0, cov-6.3.0
asyncio: mode=Mode.AUTO, default_loop_scope=None
collecting ... collected 16 items

tests/test_core.py::TestTargetValidation::test_valid_target_in_subnet PASSED [  6%]
tests/test_core.py::TestTargetValidation::test_reject_external_ip PASSED [ 12%]
tests/test_core.py::TestTargetValidation::test_reject_localhost PASSED   [ 18%]
tests/test_core.py::TestTargetValidation::test_reject_private_wrong_subnet PASSED [ 25%]
tests/test_core.py::TestTargetValidation::test_cidr_target_accepted PASSED [ 31%]
tests/test_core.py::TestTargetValidation::test_unresolvable_hostname_rejected PASSED [ 37%]
tests/test_core.py::TestBlockedCommands::test_blocked_rm_rf PASSED       [ 43%]
tests/test_core.py::TestBlockedCommands::test_blocked_fork_bomb PASSED   [ 50%]
tests/test_core.py::TestBlockedCommands::test_safe_command_allowed PASSED [ 56%]
tests/test_core.py::TestAgentState::test_initial_state PASSED            [ 62%]
tests/test_core.py::TestAgentState::test_finding_dataclass PASSED        [ 68%]
tests/test_core.py::TestConfig::test_default_settings PASSED             [ 75%]
tests/test_core.py::TestConfig::test_blocked_commands_default PASSED     [ 81%]
tests/test_core.py::TestAuditLogger::test_audit_record_creates_file FAILED [ 87%]
tests/test_core.py::TestAuditLogger::test_audit_multiple_records FAILED  [ 93%]
tests/test_core.py::TestPrompts::test_system_prompt_renders PASSED       [100%]

================================== FAILURES ===================================
_______________ TestAuditLogger.test_audit_record_creates_file ________________

self = <tests.test_core.TestAuditLogger object at 0x000001A7AB1617F0>
tmp_path = WindowsPath('C:/Users/Ayub/AppData/Local/Temp/pytest-of-Ayub/pytest-2/test_audit_record_creates_file0')

    def test_audit_record_creates_file(self, tmp_path) -> None:
        from src.logging import AuditLogger
        import json
    
        log_file = tmp_path / "test_audit.jsonl"
        logger = AuditLogger(log_file)
    
>       logger.record(
            "test_event",
            tool="nmap",
            target="172.20.0.10",
            risk_level="low",
        )

tests\test_core.py:150: 
_ _ _ _ _ _ _ _ _ _ _ _ _ _ _ _ _ _ _ _ _ _ _ _ _ _ _ _ _ _ _ _ _ _ _ _ _ _ _ _

self = <src.logging.AuditLogger object at 0x000001A7AB079C10>
event = 'test_event'

    def record(
        self,
        event: str,
        *,
        tool: str | None = None,
        target: str | None = None,
        parameters: dict[str, Any] | None = None,
        result: str | None = None,
        approved_by: str | None = None,
        risk_level: str = "low",
    ) -> None:
        """Write a single audit entry to the JSONL file and structured log."""
        entry = {
            "timestamp": dt.datetime.now(dt.UTC).isoformat(),
            "event": event,
            "tool": tool,
            "target": target,
            "parameters": parameters or {},
            "result": result,
            "approved_by": approved_by,
            "risk_level": risk_level,
        }
        # Append to file
        with self.log_path.open("a", encoding="utf-8") as f:
            f.write(json.dumps(entry) + "\n")
    
        # Also emit via structlog
>       self._log.info(event, **{k: v for k, v in entry.items() if v is not None})
E       TypeError: _make_filtering_bound_logger.<locals>.make_method.<locals>.meth() got multiple values for argument 'event'

src\logging.py:68: TypeError
_________________ TestAuditLogger.test_audit_multiple_records _________________

self = <tests.test_core.TestAuditLogger object at 0x000001A7AB161880>
tmp_path = WindowsPath('C:/Users/Ayub/AppData/Local/Temp/pytest-of-Ayub/pytest-2/test_audit_multiple_records0')

    def test_audit_multiple_records(self, tmp_path) -> None:
        from src.logging import AuditLogger
        import json
    
        log_file = tmp_path / "test_audit2.jsonl"
        logger = AuditLogger(log_file)
    
        for i in range(5):
>           logger.record(f"event_{i}", tool="test")

tests\test_core.py:172: 
_ _ _ _ _ _ _ _ _ _ _ _ _ _ _ _ _ _ _ _ _ _ _ _ _ _ _ _ _ _ _ _ _ _ _ _ _ _ _ _

self = <src.logging.AuditLogger object at 0x000001A7ABA8FB60>, event = 'event_0'

    def record(
        self,
        event: str,
        *,
        tool: str | None = None,
        target: str | None = None,
        parameters: dict[str, Any] | None = None,
        result: str | None = None,
        approved_by: str | None = None,
        risk_level: str = "low",
    ) -> None:
        """Write a single audit entry to the JSONL file and structured log."""
        entry = {
            "timestamp": dt.datetime.now(dt.UTC).isoformat(),
            "event": event,
            "tool": tool,
            "target": target,
            "parameters": parameters or {},
            "result": result,
            "approved_by": approved_by,
            "risk_level": risk_level,
        }
        # Append to file
        with self.log_path.open("a", encoding="utf-8") as f:
            f.write(json.dumps(entry) + "\n")
    
        # Also emit via structlog
>       self._log.info(event, **{k: v for k, v in entry.items() if v is not None})
E       TypeError: _make_filtering_bound_logger.<locals>.make_method.<locals>.meth() got multiple values for argument 'event'

src\logging.py:68: TypeError
=========================== short test summary info ===========================
FAILED tests/test_core.py::TestAuditLogger::test_audit_record_creates_file - ...
FAILED tests/test_core.py::TestAuditLogger::test_audit_multiple_records - Typ...
======================== 2 failed, 14 passed in 0.53s =========================
